[ Jan, Feb, Mar, Apr, May, Jun, Jul, Aug, Sept, Oct, Nov, Dec ]
[ JANUARY, FEBRUARY ]
Hi there !
Hello world
47
83
100
Good Morning friends
110.0
[ 40, 39, 38, 37, 36, 35, 34, 33, 32, 31, 30 ]
Hello world
nonBindF = Hello world
nonBindG = 37
bindF = Hello world
bindG = 37
Howdy folks
Good Morning friends
[ 80, 79, 78, 77, 76, 75, 74, 73, 72, 71, 70 ]