Java overloaded methods
Primitive
1
2
3
4
5
6
7
6
8
9
1
6
1
2
3
4
5
6
7
6
8
9
1
6
Wrapper
1
2
3
4
5
6
7
6
8
9
1
6
1
2
3
4
5
6
7
6
8
9
1
6
Java overloaded inherited methods
Primitive
1
2
3
4
5
6
7
6
8
9
1
6
1
2
3
4
5
6
7
6
8
9
1
6
Wrapper
1
2
3
4
5
6
7
6
8
9
1
6
1
2
3
4
5
6
7
6
8
9
1
6