test/should-fail/vsgc4072c.f3:20: warning: Illegal forward reference: variable m1 is not initialized.
    override var a1 = m1; //this is a forward ref!
                      ^
test/should-fail/vsgc4072c.f3:21: warning: Illegal forward reference: variable m1 is not initialized.
    override var a2 = m1; //this is a forward ref!
                      ^
test/should-fail/vsgc4072c.f3:22: warning: Illegal forward reference: variable m1 is not initialized.
    override var a3 = m1; //this is a forward ref!
                      ^
test/should-fail/vsgc4072c.f3:23: warning: Illegal forward reference: variable m1 is not initialized.
    override var a4 = m1; //this is a forward ref!
                      ^
test/should-fail/vsgc4072c.f3:24: warning: Illegal forward reference: variable b1 is not initialized.
    override var m1 = b1; //this is a forward ref!
                      ^
5 warnings
