vsgc1628.f3:8: cannot find symbol
symbol  : variable nono
location: class vsgc1628b
var x = vsgc1628b {nono: 7};
                   ^
vsgc1628.f3:9: cannot find symbol
symbol  : variable nono
location: class vsgc1628b
x.nono = 4;
 ^
vsgc1628.f3:10: cannot find symbol
symbol  : variable sonono
location: class vsgc1628
vsgc1628.sonono = 5;
        ^
3 errors
