test/should-fail/vsgc1773b.f3:7: warning: Illegal forward reference: variable w is not initialized.
var u = w.a; //not allowed - w.a is a qualified forward ref where w is not an allowed forward reference
        ^
test/should-fail/vsgc1773b.f3:8: warning: Illegal forward reference: variable q is not initialized.
var k = q.a; //not allowed - q.a is a qualified forward ref, where q is an allowed forward reference, but where both usage and decl occur in the same context
        ^
2 warnings
