test/should-fail/vsgc2677-b.f3:9: It looks like you are missing a ',' delimiter or perhaps have a malformed expression here?
se= [6 7 8];
      ^
test/should-fail/vsgc2677-b.f3:9: It looks like you are missing a ',' delimiter or perhaps have a malformed expression here?
se= [6 7 8];
        ^
2 errors
