------ methods for class org.f3.jdi.test.target.FilterMethodsTarget$FilterMethodsTargetSub
------ all methods ------
method = org.f3.jdi.test.target.FilterMethodsTarget$FilterMethodsTargetSub.get$Mixin1$mixivar1()
method = org.f3.jdi.test.target.FilterMethodsTarget$FilterMethodsTargetSub.set$Mixin1$mixivar1(float)
method = org.f3.jdi.test.target.FilterMethodsTarget$FilterMethodsTargetSub.invalidate$Mixin1$mixivar1(int)
method = org.f3.jdi.test.target.FilterMethodsTarget$FilterMethodsTargetSub.onReplace$Mixin1$mixivar1(float, float)
method = org.f3.jdi.test.target.FilterMethodsTarget$FilterMethodsTargetSub.get$Mixin2$mixivar1()
method = org.f3.jdi.test.target.FilterMethodsTarget$FilterMethodsTargetSub.set$Mixin2$mixivar1(float)
method = org.f3.jdi.test.target.FilterMethodsTarget$FilterMethodsTargetSub.invalidate$Mixin2$mixivar1(int)
method = org.f3.jdi.test.target.FilterMethodsTarget$FilterMethodsTargetSub.onReplace$Mixin2$mixivar1(float, float)
method = org.f3.jdi.test.target.FilterMethodsTarget$FilterMethodsTargetSub.applyDefaults$(int)
method = org.f3.jdi.test.target.FilterMethodsTarget$FilterMethodsTargetSub.invoke$(int, java.lang.Object, java.lang.Object, java.lang.Object[])
method = org.f3.jdi.test.target.FilterMethodsTarget$FilterMethodsTargetSub.<init>()
method = org.f3.jdi.test.target.FilterMethodsTarget$FilterMethodsTargetSub.mixiFunc()
method = org.f3.jdi.test.target.FilterMethodsTarget$FilterMethodsTargetSub.<init>(boolean)
method = org.f3.jdi.test.target.FilterMethodsTarget$FilterMethodsTargetSub.userInit$()
method = org.f3.jdi.test.target.FilterMethodsTarget$FilterMethodsTargetSub.postInit$()
method = org.f3.jdi.test.target.FilterMethodsTarget$FilterMethodsTargetSub.stopHere()
method = org.f3.jdi.test.target.FilterMethodsTarget$FilterMethodsTargetSub.getInt()
method = org.f3.jdi.test.target.FilterMethodsTarget$FilterMethodsTargetSub.<clinit>()
method = org.f3.jdi.test.target.FilterMethodsTarget.<init>()
method = org.f3.jdi.test.target.FilterMethodsTarget.<init>(boolean)
method = org.f3.jdi.test.target.FilterMethodsTarget.priv1()
method = org.f3.jdi.test.target.FilterMethodsTarget.pub1()
method = org.f3.jdi.test.target.FilterMethodsTarget.f3$run$(org.f3.runtime.sequence.Sequence)
method = org.f3.jdi.test.target.FilterMethodsTarget.statFunc1()
method = org.f3.jdi.test.target.FilterMethodsTarget.get$obj()
method = org.f3.jdi.test.target.FilterMethodsTarget.<clinit>()
method = java.lang.Object.<init>()
method = java.lang.Object.registerNatives()
method = java.lang.Object.getClass()
method = java.lang.Object.hashCode()
method = java.lang.Object.equals(java.lang.Object)
method = java.lang.Object.clone()
method = java.lang.Object.toString()
method = java.lang.Object.notify()
method = java.lang.Object.notifyAll()
method = java.lang.Object.wait(long)
method = java.lang.Object.wait(long, int)
method = java.lang.Object.wait()
method = java.lang.Object.finalize()
method = java.lang.Object.<clinit>()
method = org.f3.jdi.test.target.FilterMethodsTarget$Mixin1$Mixin.get$Mixin1$mixivar1()
method = org.f3.jdi.test.target.FilterMethodsTarget$Mixin1$Mixin.set$Mixin1$mixivar1(float)
method = org.f3.jdi.test.target.FilterMethodsTarget$Mixin1$Mixin.invalidate$Mixin1$mixivar1(int)
method = org.f3.jdi.test.target.FilterMethodsTarget$Mixin1$Mixin.onReplace$Mixin1$mixivar1(float, float)
method = org.f3.jdi.test.target.FilterMethodsTarget$Mixin1$Mixin.mixiFunc()
method = org.f3.jdi.test.target.FilterMethodsTarget$Mixin2$Mixin.get$Mixin2$mixivar1()
method = org.f3.jdi.test.target.FilterMethodsTarget$Mixin2$Mixin.set$Mixin2$mixivar1(float)
method = org.f3.jdi.test.target.FilterMethodsTarget$Mixin2$Mixin.invalidate$Mixin2$mixivar1(int)
method = org.f3.jdi.test.target.FilterMethodsTarget$Mixin2$Mixin.onReplace$Mixin2$mixivar1(float, float)
method = org.f3.jdi.test.target.FilterMethodsTarget$Mixin2$Mixin.mixiFunc()

----- exclude inherited methods ------
method = org.f3.jdi.test.target.FilterMethodsTarget$FilterMethodsTargetSub.get$Mixin1$mixivar1()
method = org.f3.jdi.test.target.FilterMethodsTarget$FilterMethodsTargetSub.set$Mixin1$mixivar1(float)
method = org.f3.jdi.test.target.FilterMethodsTarget$FilterMethodsTargetSub.invalidate$Mixin1$mixivar1(int)
method = org.f3.jdi.test.target.FilterMethodsTarget$FilterMethodsTargetSub.onReplace$Mixin1$mixivar1(float, float)
method = org.f3.jdi.test.target.FilterMethodsTarget$FilterMethodsTargetSub.get$Mixin2$mixivar1()
method = org.f3.jdi.test.target.FilterMethodsTarget$FilterMethodsTargetSub.set$Mixin2$mixivar1(float)
method = org.f3.jdi.test.target.FilterMethodsTarget$FilterMethodsTargetSub.invalidate$Mixin2$mixivar1(int)
method = org.f3.jdi.test.target.FilterMethodsTarget$FilterMethodsTargetSub.onReplace$Mixin2$mixivar1(float, float)
method = org.f3.jdi.test.target.FilterMethodsTarget$FilterMethodsTargetSub.applyDefaults$(int)
method = org.f3.jdi.test.target.FilterMethodsTarget$FilterMethodsTargetSub.invoke$(int, java.lang.Object, java.lang.Object, java.lang.Object[])
method = org.f3.jdi.test.target.FilterMethodsTarget$FilterMethodsTargetSub.<init>()
method = org.f3.jdi.test.target.FilterMethodsTarget$FilterMethodsTargetSub.mixiFunc()
method = org.f3.jdi.test.target.FilterMethodsTarget$FilterMethodsTargetSub.<init>(boolean)
method = org.f3.jdi.test.target.FilterMethodsTarget$FilterMethodsTargetSub.userInit$()
method = org.f3.jdi.test.target.FilterMethodsTarget$FilterMethodsTargetSub.postInit$()
method = org.f3.jdi.test.target.FilterMethodsTarget$FilterMethodsTargetSub.stopHere()
method = org.f3.jdi.test.target.FilterMethodsTarget$FilterMethodsTargetSub.getInt()
method = org.f3.jdi.test.target.FilterMethodsTarget$FilterMethodsTargetSub.<clinit>()

----- visible methods ------
method = org.f3.jdi.test.target.FilterMethodsTarget$FilterMethodsTargetSub.get$Mixin1$mixivar1()
method = org.f3.jdi.test.target.FilterMethodsTarget$FilterMethodsTargetSub.set$Mixin1$mixivar1(float)
method = org.f3.jdi.test.target.FilterMethodsTarget$FilterMethodsTargetSub.invalidate$Mixin1$mixivar1(int)
method = org.f3.jdi.test.target.FilterMethodsTarget$FilterMethodsTargetSub.onReplace$Mixin1$mixivar1(float, float)
method = org.f3.jdi.test.target.FilterMethodsTarget$FilterMethodsTargetSub.get$Mixin2$mixivar1()
method = org.f3.jdi.test.target.FilterMethodsTarget$FilterMethodsTargetSub.set$Mixin2$mixivar1(float)
method = org.f3.jdi.test.target.FilterMethodsTarget$FilterMethodsTargetSub.invalidate$Mixin2$mixivar1(int)
method = org.f3.jdi.test.target.FilterMethodsTarget$FilterMethodsTargetSub.onReplace$Mixin2$mixivar1(float, float)
method = org.f3.jdi.test.target.FilterMethodsTarget$FilterMethodsTargetSub.applyDefaults$(int)
method = org.f3.jdi.test.target.FilterMethodsTarget$FilterMethodsTargetSub.invoke$(int, java.lang.Object, java.lang.Object, java.lang.Object[])
method = org.f3.jdi.test.target.FilterMethodsTarget$FilterMethodsTargetSub.<init>()
method = org.f3.jdi.test.target.FilterMethodsTarget$FilterMethodsTargetSub.mixiFunc()
method = org.f3.jdi.test.target.FilterMethodsTarget$FilterMethodsTargetSub.<init>(boolean)
method = org.f3.jdi.test.target.FilterMethodsTarget$FilterMethodsTargetSub.userInit$()
method = org.f3.jdi.test.target.FilterMethodsTarget$FilterMethodsTargetSub.postInit$()
method = org.f3.jdi.test.target.FilterMethodsTarget$FilterMethodsTargetSub.stopHere()
method = org.f3.jdi.test.target.FilterMethodsTarget$FilterMethodsTargetSub.getInt()
method = org.f3.jdi.test.target.FilterMethodsTarget$FilterMethodsTargetSub.<clinit>()
method = org.f3.jdi.test.target.FilterMethodsTarget.priv1()
method = org.f3.jdi.test.target.FilterMethodsTarget.pub1()
method = org.f3.jdi.test.target.FilterMethodsTarget.f3$run$(org.f3.runtime.sequence.Sequence)
method = org.f3.jdi.test.target.FilterMethodsTarget.statFunc1()
method = org.f3.jdi.test.target.FilterMethodsTarget.get$obj()
method = java.lang.Object.registerNatives()
method = java.lang.Object.getClass()
method = java.lang.Object.hashCode()
method = java.lang.Object.equals(java.lang.Object)
method = java.lang.Object.clone()
method = java.lang.Object.toString()
method = java.lang.Object.notify()
method = java.lang.Object.notifyAll()
method = java.lang.Object.wait(long)
method = java.lang.Object.wait(long, int)
method = java.lang.Object.wait()
method = java.lang.Object.finalize()

----- methods by name ------
method = org.f3.jdi.test.target.FilterMethodsTarget$FilterMethodsTargetSub.mixiFunc()
method = org.f3.jdi.test.target.FilterMethodsTarget$FilterMethodsTargetSub.stopHere()
method = org.f3.jdi.test.target.FilterMethodsTarget$FilterMethodsTargetSub.getInt()
method = org.f3.jdi.test.target.FilterMethodsTarget.priv1()
method = org.f3.jdi.test.target.FilterMethodsTarget.pub1()
