userClass 1 = <tbd>, null
userClass 1 = <tbd>, org.f3.jdi.test.target.ScriptVar1Target
userClass 1 = <tbd>, org.f3.jdi.test.target.ScriptVar1Target
userClass 1 = <tbd>, org.f3.jdi.test.target.ScriptVar1Target
userClass 1 = <tbd>, org.f3.jdi.test.target.ScriptVar1Target
userClass 1 = <tbd>, null
userClass 1 = <tbd>, null
userClass 1 = <tbd>, null
userClass 1 = <tbd>, null
userClass 1 = <tbd>, null
userClass 2 = <tbd>, org.f3.jdi.test.target.ScriptVar1Target
