---- on-replace [0..-1] = [ Yes, Yes, Yes, Yes, Yes ]
[ ]
[ Yes, Yes, Yes, Yes, Yes ]
---- on-replace [0..4] = [ No, No, No, No, No ]
[ Yes, Yes, Yes, Yes, Yes ]
[ No, No, No, No, No ]
---- on-replace [0..4] = [ Maybe, Maybe, Maybe, Maybe, Maybe ]
[ No, No, No, No, No ]
[ Maybe, Maybe, Maybe, Maybe, Maybe ]
