Note: Optimization statistic: Instance variable count: 4
Note: Optimization statistic: Instance 'var' count: 3
Note: Optimization statistic: Instance 'def' count: 1
Note: Optimization statistic: Script variable count: 2
Note: Optimization statistic: Script 'var' count: 1
Note: Optimization statistic: Script 'def' count: 1
