forcing validation of m.bb
explicitly invalidating m.bb
Inside on-invalidate bb...
forcing validation of m.bb
implicitly invalidating m.bb
Inside on-invalidate bb...
forcing validation of m.bc
explicitly invalidating m.bc
Inside on-invalidate bc...
forcing validation of m.bc
implicitly invalidating m.bc
Inside on-invalidate bc...
forcing validation of m.bs
explicitly invalidating m.bs
Inside on-invalidate bs...
forcing validation of m.bs
implicitly invalidating m.bs
Inside on-invalidate bs...
forcing validation of m.bi
explicitly invalidating m.bi
Inside on-invalidate bi...
forcing validation of m.bi
implicitly invalidating m.bi
Inside on-invalidate bi...
forcing validation of m.bn
explicitly invalidating m.bn
Inside on-invalidate bn...
forcing validation of m.bn
implicitly invalidating m.bn
Inside on-invalidate bn...
forcing validation of m.bd
explicitly invalidating m.bd
Inside on-invalidate bd...
forcing validation of m.bd
implicitly invalidating m.bd
Inside on-invalidate bd...
forcing validation of m.bo
explicitly invalidating m.bo
Inside on-invalidate bo...
forcing validation of m.bo
implicitly invalidating m.bo
Inside on-invalidate bo...
forcing validation of m.bseq
Inside on-invalidate bseq...
explicitly invalidating m.bseq
Inside on-invalidate bseq...
forcing validation of m.bseq
implicitly invalidating m.bseq
Inside on-invalidate bseq...
