Konnichwa Sekai!
Duke no tanjoubi wa 1995 nen 05 gatsu 23 nichi desu.
magirawashii key1: */
magirawashii key2: //
Hokan suru
shorui
non-existent
KEY_WITH_SAME_VALUE
Konnichwa Sekai!
Konnichiwa (Tab)Sekai!
Konnichiwa 'Single Quotes'
Konnichiwa "Double Quotes"
Unix keishiki no
kaigyo
Windows keishiki no
kaigyo
Mac keishiki no
kaigyo
Konnichiwa EscapeOctalSpace!
Konnichiwa UnicodeEscapeSpace!
Konnichiwa Tab!
Unix keishiki no
kaigyo
Windows keishiki no
kaigyo
Mac keishiki no
kaigyo
