67
67
[ burp ]
[ burp ]
21
21
[ 4 ]
true
true
za
za
za
za
[ 4, 7, za, 4 ]
[ 4, 7, za, 4 ]
0
[ 4, 8, 12, 16, 20 ]
[ 4, 8, 12, 16, 20 ]
[ ]
[ ]
[ 4 ]
[ 4 ]
22
22
false
21
4
21
21
21
7
4
7
7
7
[ 4 ]
[ 4 ]
[ 4 ]
[ 4 ]
[ 4 ]
true
67
67
[ burp ]
[ burp ]
21
21
[ 4 ]
true
true
za
za
za
za
[ 4, 7, za, 4 ]
[ 4, 7, za, 4 ]
0
[ 4, 8, 12, 16, 20 ]
[ 4, 8, 12, 16, 20 ]
[ ]
[ ]
[ 4 ]
[ 4 ]
22
22
false
