forcing validation of m.y
explicitly invalidating m.y
Inside on-invalidate...
explicitly invalidating m.y
explicitly invalidating m.y
forcing validation of m.y
explicitly invalidating m.y
Inside on-invalidate...
explicitly invalidating m.y
forcing validation of m.y
implicitly invalidating m.y
Inside on-invalidate...
implicitly invalidating m.y
