begin
iA = A
b from M
d from A
iB = B
b from M
d from A
e from B
iC = C
c from N
b from M
f from C
iD = D
b from M
d from A
e from B
g from O
h from D
a = 10
h from D
g from O
e from B
d from A
b from M
f from C
c from N
b from M
e from B
d from A
b from M
d from A
b from M
a = 20
h from D
g from O
e from B
d from A
b from M
f from C
c from N
b from M
e from B
d from A
b from M
d from A
b from M
a = 30
h from D
g from O
e from B
d from A
b from M
f from C
c from N
b from M
e from B
d from A
b from M
d from A
b from M
done
