x=psbi
y=psbi

x=update
y=update

-----
x=sbi
y=sbi

x=update
y=update

-----
x=psb
y=psb

x=update
y=update

-----
x=sb
y=sb

x=update
y=update

-----
x=pfbi
y=pfbi

x=update
y=update

-----
x=fbi
y=fbi

x=update
y=update

-----
x=pfb
y=pfb

x=update
y=update

-----
x=fb
y=fb

x=update
y=update

-----
