Its all true
true
true
true
true
true
true
true
true
true
true
true
true
true
true
true
true
true
true
true
true
true
true
true
true
true
Its all false
false
false
false
false
false
false
false
false
false
false
false
false
false
And this too is false
false
false
false
false
false
false
false
false
false
false
false
false
false
false
false
false
false
false
false
false
false
false
false
false
false
But then, this is true
true
true
true
true
true
true
true
true
true
true
true
true
true
