Create A bot = 1
Create A top = 1
k
l
Create B
z
--- d = 12
Create A bot = 12
k
l
Create B
z
--- d = 13
Create A bot = 13
k
l
Create B
z
--- d = 14
Create A bot = 14
k
l
Create B
z
--- d = 15
Create A bot = 15
k
l
Create B
z
--- c = 12
Create A top = 12
k
k
k
k
k
--- c = 13
Create A top = 13
k
k
k
k
k
--- c = 14
Create A top = 14
k
k
k
k
k
--- c = 15
Create A top = 15
k
k
k
k
k
