spx on replace called for Nod null
spx on replace called for Grup null
px on replace called for Nod null
px on replace called for Grup null
bx on replace called for Nod null
bx on replace called for Grup null
sps on replace called for Nod 
sps on replace called for Grup 
ps on replace called for Nod 
ps on replace called for Grup 
bs on replace called for Nod 
bs on replace called for Grup 
spn on replace called for Nod 0.0
spn on replace called for Grup 0.0
pn on replace called for Nod 0.0
pn on replace called for Grup 0.0
bn on replace called for Nod 0.0
bn on replace called for Grup 0.0
spxv on replace called for Nod rah
spxv on replace called for Grup rah
pxv on replace called for Nod rah
pxv on replace called for Grup rah
bxv on replace called for Nod rah
bxv on replace called for Grup rah
spsv on replace called for Nod hello
spsv on replace called for Grup hello
psv on replace called for Nod hello
psv on replace called for Grup hello
bsv on replace called for Nod hello
bsv on replace called for Grup hello
spnv on replace called for Nod 12.3
spnv on replace called for Grup 12.3
pnv on replace called for Nod 12.3
pnv on replace called for Grup 12.3
bnv on replace called for Nod 12.3
bnv on replace called for Grup 12.3
spx on replace called for Nod sp-yo
spx on replace called for Grup sp-yo
px on replace called for Nod p-yo
px on replace called for Grup p-yo
bx on replace called for Nod b-yo
bx on replace called for Grup b-yo
sps on replace called for Nod sp-hi
sps on replace called for Grup sp-hi
ps on replace called for Nod p-hi
ps on replace called for Grup p-hi
bs on replace called for Nod b-hi
bs on replace called for Grup b-hi
spn on replace called for Nod 1.0
spn on replace called for Grup 1.0
pn on replace called for Nod 2.0
pn on replace called for Grup 2.0
bn on replace called for Nod 3.0
bn on replace called for Grup 3.0
spxv on replace called for Nod sp-yo
spxv on replace called for Grup sp-yo
pxv on replace called for Nod p-yo
pxv on replace called for Grup p-yo
bxv on replace called for Nod b-yo
bxv on replace called for Grup b-yo
spsv on replace called for Nod sp-hi
spsv on replace called for Grup sp-hi
psv on replace called for Nod p-hi
psv on replace called for Grup p-hi
bsv on replace called for Nod b-hi
bsv on replace called for Grup b-hi
spnv on replace called for Nod 1.0
spnv on replace called for Grup 1.0
pnv on replace called for Nod 2.0
pnv on replace called for Grup 2.0
bnv on replace called for Nod 3.0
bnv on replace called for Grup 3.0
