onr bxbo: [ 11, 22 ]
onr bxuo: [ 11, 22 ]
onr bxno: [ 1, 2 ]
onr uxbo: [ 11, 22 ]
onr uxuo: [ 11, 22 ]
onr uxno: [ 1, 2 ]
onr nxbo: [ 11, 22 ]
onr nxuo: [ 11, 22 ]
onr nxno: [ ]
onr bobx: [ 11, 22 ]
onr boux: [ 11, 22 ]
onr bonx: [ 1, 2 ]
onr bobo: [ 11, 22 ]
onr bobo: [ 11, 22 ]
onr bouo: [ 11, 22 ]
onr bouo: [ 11, 22 ]
onr bono: [ 1, 2 ]
onr bono: [ 1, 2 ]
onr uobx: [ 11, 22 ]
onr uoux: [ 11, 22 ]
onr uonx: [ 1, 2 ]
onr uobo: [ 11, 22 ]
onr uobo: [ 11, 22 ]
onr uouo: [ 11, 22 ]
onr uouo: [ 11, 22 ]
onr uono: [ 1, 2 ]
onr uono: [ 1, 2 ]
onr nobx: [ 11, 22 ]
onr noux: [ 11, 22 ]
onr nonx: [ ]
onr nobo: [ 11, 22 ]
onr nobo: [ 11, 22 ]
onr nouo: [ 11, 22 ]
onr nouo: [ 11, 22 ]
onr nono: [ ]
onr nono: [ ]
bxbx: [ 11, 22 ]
bxux: [ 11, 22 ]
bxnx: [ 1, 2 ]
bxbo: [ 11, 22 ]
bxuo: [ 11, 22 ]
bxno: [ 1, 2 ]
uxbx: [ 11, 22 ]
uxux: [ 11, 22 ]
uxnx: [ 1, 2 ]
uxbo: [ 11, 22 ]
uxuo: [ 11, 22 ]
uxno: [ 1, 2 ]
nxbx: [ 11, 22 ]
nxux: [ 11, 22 ]
nxnx: [ ]
nxbo: [ 11, 22 ]
nxuo: [ 11, 22 ]
nxno: [ ]
bobx: [ 11, 22 ]
boux: [ 11, 22 ]
bonx: [ 1, 2 ]
bobo: [ 11, 22 ]
bouo: [ 11, 22 ]
bono: [ 1, 2 ]
uobx: [ 11, 22 ]
uoux: [ 11, 22 ]
uonx: [ 1, 2 ]
uobo: [ 11, 22 ]
uouo: [ 11, 22 ]
uono: [ 1, 2 ]
nobx: [ 11, 22 ]
noux: [ 11, 22 ]
nonx: [ ]
nobo: [ 11, 22 ]
nouo: [ 11, 22 ]
nono: [ ]
