on-replace  a.name: A1, a.x: 0.0
START
on-replace  a.name: A2, a.x: 0.0
x = 0
x = 1
on-replace  a.name: A2, a.x: 1.0
x = 2
on-replace  a.name: A2, a.x: 2.0
x = 3
on-replace  a.name: A2, a.x: 3.0
x = 4
on-replace  a.name: A2, a.x: 4.0
x = 5
on-replace  a.name: A2, a.x: 5.0
x = 6
on-replace  a.name: A2, a.x: 6.0
x = 7
on-replace  a.name: A2, a.x: 7.0
x = 8
on-replace  a.name: A2, a.x: 8.0
x = 9
on-replace  a.name: A2, a.x: 9.0
x = 10
on-replace  a.name: A2, a.x: 10.0
