Note: Optimization statistic: Local bound variable count: 0
Note: Optimization statistic: Local bound 'var' count: 0
Note: Optimization statistic: Local bound 'def' count: 0
Note: Optimization statistic: Local unbound variable count: 0
Note: Optimization statistic: Local unbound 'var' count: 0
Note: Optimization statistic: Local unbound 'def' count: 0
Note: Optimization statistic: Local variable count: 0
Note: Optimization statistic: Local 'var' count: 0
Note: Optimization statistic: Local 'def' count: 0
