test\features\F27-default-properties\Neg-NoDefaultOnClassAndFunction.f3:7: modifier default not allowed on a class
default class NoDefaultOnClass {
^
test\features\F27-default-properties\Neg-NoDefaultOnClassAndFunction.f3:10: modifier default not allowed on a script level function
default function noDefaultOnFunction() {
^
2 errors
