test/features/F26-numerics/VarConversions/ToLongErrors.f3:12: incompatible types
found   : f3.lang.Duration
required: Long
l = Values.dduu;
          ^
test/features/F26-numerics/VarConversions/ToLongErrors.f3:13: incompatible types
found   : Boolean
required: Long
l = Values.bboo;
          ^
test/features/F26-numerics/VarConversions/ToLongErrors.f3:14: incompatible types
found   : String
required: Long
l = Values.sstt;
          ^
test/features/F26-numerics/VarConversions/ToLongErrors.f3:15: incompatible types
found   : Object
required: Long
l = Values.nul;
          ^
test/features/F26-numerics/VarConversions/ToLongErrors.f3:16: A sequence is not a valid expression for this operation, I am looking for an expression that yields 'Long'
l = Values.iSeq;
          ^
5 errors
